2026.05.26 13:27:25 INFO  Started: Metals version 1.6.7 in folders 'C:\Users\Jherson Silva\BancoAlimentos' for client Visual Studio Code 1.121.0.
2026.05.26 13:27:25 INFO  Memory monitor started
2026.05.26 13:27:26 WARN  Using H2 2.4.240 which is newer than the version Flyway has been verified with. The latest verified version of H2 is 2.3.232.
2026.05.26 13:27:26 INFO  no build target found for C:\Users\Jherson Silva\BancoAlimentos\backend\src\main\java\com\bancoalimentos\backend\config\SecurityConfig.java. Using fallback presentation compiler.
2026.05.26 13:27:27 INFO  no build target found for C:\Users\Jherson Silva\BancoAlimentos\backend\src\main\java\com\bancoalimentos\backend\config\SecurityConfig.java. Using fallback presentation compiler.
2026.05.26 13:27:38 INFO  no build target found for C:\Users\Jherson Silva\BancoAlimentos\backend\src\main\java\com\bancoalimentos\backend\config\SecurityConfig.java. Using fallback presentation compiler.
2026.05.26 13:27:38 INFO  no build target found for C:\Users\Jherson Silva\BancoAlimentos\backend\src\main\java\com\bancoalimentos\backend\config\SecurityConfig.java. Using fallback presentation compiler.
2026.05.26 13:27:38 INFO  no build target found for C:\Users\Jherson Silva\BancoAlimentos\backend\src\main\java\com\bancoalimentos\backend\config\SecurityConfig.java. Using fallback presentation compiler.
may 26, 2026 1:27:39 P. M. org.eclipse.lsp4j.jsonrpc.RemoteEndpoint handleCancellation
WARNING: Unmatched cancel notification for request id 11
2026.05.26 13:27:38 INFO  no build target found for C:\Users\Jherson Silva\BancoAlimentos\backend\src\main\java\com\bancoalimentos\backend\config\SecurityConfig.java. Using fallback presentation compiler.
2026.05.26 13:27:38 INFO  no build target found for C:\Users\Jherson Silva\BancoAlimentos\backend\src\main\java\com\bancoalimentos\backend\config\SecurityConfig.java. Using fallback presentation compiler.
2026.05.26 13:27:40 INFO  no build target found for C:\Users\Jherson Silva\BancoAlimentos\backend\src\main\java\com\bancoalimentos\backend\config\SecurityConfig.java. Using fallback presentation compiler.
2026.05.26 13:27:40 INFO  no build target found for C:\Users\Jherson Silva\BancoAlimentos\backend\src\main\java\com\bancoalimentos\backend\config\WebConfig.java. Using fallback presentation compiler.
may 26, 2026 1:27:41 P. M. org.eclipse.lsp4j.jsonrpc.RemoteEndpoint handleCancellation
WARNING: Unmatched cancel notification for request id 15
2026.05.26 13:27:41 INFO  no build target found for C:\Users\Jherson Silva\BancoAlimentos\backend\src\main\java\com\bancoalimentos\backend\config\WebConfig.java. Using fallback presentation compiler.
2026.05.26 13:27:40 INFO  no build target found for C:\Users\Jherson Silva\BancoAlimentos\backend\src\main\java\com\bancoalimentos\backend\config\WebConfig.java. Using fallback presentation compiler.
2026.05.26 13:27:41 INFO  no build target found for C:\Users\Jherson Silva\BancoAlimentos\backend\src\main\java\com\bancoalimentos\backend\config\WebConfig.java. Using fallback presentation compiler.
2026.05.26 13:27:41 INFO  no build target found for C:\Users\Jherson Silva\BancoAlimentos\backend\src\main\java\com\bancoalimentos\backend\config\WebConfig.java. Using fallback presentation compiler.
2026.05.26 13:27:41 WARN  Running javac-semanticdb failed for file:///C:/Users/Jherson%20Silva/BancoAlimentos/backend/src/main/java/com/bancoalimentos/backend/config/WebConfig.java. Output:

2026.05.26 13:27:41 INFO  no build target found for C:\Users\Jherson Silva\BancoAlimentos\backend\src\main\java\com\bancoalimentos\backend\config\WebConfig.java. Using fallback presentation compiler.
2026.05.26 13:27:42 INFO  no build target found for C:\Users\Jherson Silva\BancoAlimentos\backend\src\main\java\com\bancoalimentos\backend\config\WebConfig.java. Using fallback presentation compiler.
may 26, 2026 1:27:42 P. M. org.eclipse.lsp4j.jsonrpc.RemoteEndpoint handleCancellation
WARNING: Unmatched cancel notification for request id 25
2026.05.26 13:27:42 INFO  no build target found for C:\Users\Jherson Silva\BancoAlimentos\backend\src\main\java\com\bancoalimentos\backend\config\WebConfig.java. Using fallback presentation compiler.
2026.05.26 13:27:41 INFO  no build target found for C:\Users\Jherson Silva\BancoAlimentos\backend\src\main\java\com\bancoalimentos\backend\config\WebConfig.java. Using fallback presentation compiler.
2026.05.26 13:28:42 INFO  no build target found for C:\Users\Jherson Silva\BancoAlimentos\backend\src\main\java\com\bancoalimentos\backend\config\WebConfig.java. Using fallback presentation compiler.
2026.05.26 13:28:42 INFO  no build target found for C:\Users\Jherson Silva\BancoAlimentos\backend\src\main\java\com\bancoalimentos\backend\config\WebConfig.java. Using fallback presentation compiler.
2026.05.26 13:28:43 INFO  no build target found for C:\Users\Jherson Silva\BancoAlimentos\backend\src\main\java\com\bancoalimentos\backend\config\WebConfig.java. Using fallback presentation compiler.
2026.05.26 13:28:43 INFO  no build target found for C:\Users\Jherson Silva\BancoAlimentos\backend\src\main\java\com\bancoalimentos\backend\config\WebConfig.java. Using fallback presentation compiler.
2026.05.26 13:28:43 INFO  no build target found for C:\Users\Jherson Silva\BancoAlimentos\backend\src\main\java\com\bancoalimentos\backend\config\WebConfig.java. Using fallback presentation compiler.
2026.05.26 13:28:43 INFO  no build target found for C:\Users\Jherson Silva\BancoAlimentos\backend\src\main\java\com\bancoalimentos\backend\config\WebConfig.java. Using fallback presentation compiler.
2026.05.26 13:28:45 INFO  no build target found for C:\Users\Jherson Silva\BancoAlimentos\backend\src\main\java\com\bancoalimentos\backend\config\WebConfig.java. Using fallback presentation compiler.
2026.05.26 13:28:45 INFO  no build target found for C:\Users\Jherson Silva\BancoAlimentos\backend\src\main\java\com\bancoalimentos\backend\config\WebConfig.java. Using fallback presentation compiler.
2026.05.26 13:28:45 INFO  no build target found for C:\Users\Jherson Silva\BancoAlimentos\backend\src\main\java\com\bancoalimentos\backend\config\WebConfig.java. Using fallback presentation compiler.
2026.05.26 13:28:45 WARN  no build target for: C:\Users\Jherson Silva\BancoAlimentos\backend\src\main\java\com\bancoalimentos\backend\config\WebConfig.java
2026.05.26 13:28:45 INFO  no build target found for C:\Users\Jherson Silva\BancoAlimentos\backend\src\main\java\com\bancoalimentos\backend\config\WebConfig.java. Using fallback presentation compiler.
2026.05.26 13:28:45 WARN  Running javac-semanticdb failed for file:///C:/Users/Jherson%20Silva/BancoAlimentos/backend/src/main/java/com/bancoalimentos/backend/config/WebConfig.java. Output:

2026.05.26 13:28:46 INFO  no build target found for C:\Users\Jherson Silva\BancoAlimentos\backend\src\main\java\com\bancoalimentos\backend\config\WebConfig.java. Using fallback presentation compiler.
2026.05.26 13:28:46 INFO  no build target found for C:\Users\Jherson Silva\BancoAlimentos\backend\src\main\java\com\bancoalimentos\backend\config\WebConfig.java. Using fallback presentation compiler.
2026.05.26 13:28:50 INFO  no build target found for C:\Users\Jherson Silva\BancoAlimentos\backend\src\main\java\com\bancoalimentos\backend\config\WebConfig.java. Using fallback presentation compiler.
2026.05.26 13:28:50 INFO  no build target found for C:\Users\Jherson Silva\BancoAlimentos\backend\src\main\java\com\bancoalimentos\backend\config\WebConfig.java. Using fallback presentation compiler.
2026.05.26 13:28:50 INFO  no build target found for C:\Users\Jherson Silva\BancoAlimentos\backend\src\main\java\com\bancoalimentos\backend\config\WebConfig.java. Using fallback presentation compiler.
2026.05.26 13:28:50 INFO  no build target found for C:\Users\Jherson Silva\BancoAlimentos\backend\src\main\java\com\bancoalimentos\backend\config\WebConfig.java. Using fallback presentation compiler.
2026.05.26 13:28:50 INFO  no build target found for C:\Users\Jherson Silva\BancoAlimentos\backend\src\main\java\com\bancoalimentos\backend\config\WebConfig.java. Using fallback presentation compiler.
2026.05.26 13:28:51 WARN  no build target for: C:\Users\Jherson Silva\BancoAlimentos\backend\src\main\java\com\bancoalimentos\backend\config\WebConfig.java
2026.05.26 13:28:51 INFO  no build target found for C:\Users\Jherson Silva\BancoAlimentos\backend\src\main\java\com\bancoalimentos\backend\config\WebConfig.java. Using fallback presentation compiler.
2026.05.26 13:28:51 WARN  Running javac-semanticdb failed for file:///C:/Users/Jherson%20Silva/BancoAlimentos/backend/src/main/java/com/bancoalimentos/backend/config/WebConfig.java. Output:

2026.05.26 13:29:29 INFO  no build target found for C:\Users\Jherson Silva\BancoAlimentos\backend\src\main\java\com\bancoalimentos\backend\config\WebConfig.java. Using fallback presentation compiler.
2026.05.26 13:29:29 INFO  no build target found for C:\Users\Jherson Silva\BancoAlimentos\backend\src\main\java\com\bancoalimentos\backend\config\WebConfig.java. Using fallback presentation compiler.
2026.05.26 13:30:13 INFO  no build target found for C:\Users\Jherson Silva\BancoAlimentos\backend\src\main\java\com\bancoalimentos\backend\config\SecurityConfig.java. Using fallback presentation compiler.
2026.05.26 13:31:06 INFO  no build target found for C:\Users\Jherson Silva\BancoAlimentos\backend\src\main\java\com\bancoalimentos\backend\config\WebConfig.java. Using fallback presentation compiler.
2026.05.26 13:31:06 INFO  no build target found for C:\Users\Jherson Silva\BancoAlimentos\backend\src\main\java\com\bancoalimentos\backend\config\WebConfig.java. Using fallback presentation compiler.
2026.05.26 13:31:06 INFO  no build target found for C:\Users\Jherson Silva\BancoAlimentos\backend\src\main\java\com\bancoalimentos\backend\config\WebConfig.java. Using fallback presentation compiler.
2026.05.26 13:31:07 INFO  no build target found for C:\Users\Jherson Silva\BancoAlimentos\backend\src\main\java\com\bancoalimentos\backend\config\WebConfig.java. Using fallback presentation compiler.
2026.05.26 13:31:08 INFO  no build target found for C:\Users\Jherson Silva\BancoAlimentos\backend\src\main\java\com\bancoalimentos\backend\config\WebConfig.java. Using fallback presentation compiler.
2026.05.26 13:31:08 INFO  no build target found for C:\Users\Jherson Silva\BancoAlimentos\backend\src\main\java\com\bancoalimentos\backend\config\WebConfig.java. Using fallback presentation compiler.
2026.05.26 13:31:08 INFO  no build target found for C:\Users\Jherson Silva\BancoAlimentos\backend\src\main\java\com\bancoalimentos\backend\config\WebConfig.java. Using fallback presentation compiler.
2026.05.26 13:31:09 INFO  no build target found for C:\Users\Jherson Silva\BancoAlimentos\backend\src\main\java\com\bancoalimentos\backend\config\WebConfig.java. Using fallback presentation compiler.
2026.05.26 13:31:09 INFO  no build target found for C:\Users\Jherson Silva\BancoAlimentos\backend\src\main\java\com\bancoalimentos\backend\config\WebConfig.java. Using fallback presentation compiler.
2026.05.26 13:31:09 INFO  no build target found for C:\Users\Jherson Silva\BancoAlimentos\backend\src\main\java\com\bancoalimentos\backend\config\WebConfig.java. Using fallback presentation compiler.
2026.05.26 13:31:09 INFO  no build target found for C:\Users\Jherson Silva\BancoAlimentos\backend\src\main\java\com\bancoalimentos\backend\config\WebConfig.java. Using fallback presentation compiler.
2026.05.26 13:31:09 INFO  no build target found for C:\Users\Jherson Silva\BancoAlimentos\backend\src\main\java\com\bancoalimentos\backend\config\WebConfig.java. Using fallback presentation compiler.
2026.05.26 13:31:09 INFO  no build target found for C:\Users\Jherson Silva\BancoAlimentos\backend\src\main\java\com\bancoalimentos\backend\config\WebConfig.java. Using fallback presentation compiler.
